
  .   ____          _            __ _ _
 /\\ / ___'_ __ _ _(_)_ __  __ _ \ \ \ \
( ( )\___ | '_ | '_| | '_ \/ _` | \ \ \ \
 \\/  ___)| |_)| | | | | || (_| |  ) ) ) )
  '  |____| .__|_| |_|_| |_\__, | / / / /
 =========|_|==============|___/=/_/_/_/
 :: Spring Boot ::                (v3.2.5)

2026-05-08T15:25:09.464+08:00  INFO 27904 --- [           main] c.g.c.LY_contributor.Cpt202Application   : Starting Cpt202Application v0.0.1-SNAPSHOT using Java 21.0.5 with PID 27904 (E:\Java\Code\CPT202v\CPT202v\后端\target\cpt202-0.0.1-SNAPSHOT.jar started by asus in E:\Java\Code\CPT202v\CPT202v\后端)
2026-05-08T15:25:09.467+08:00  INFO 27904 --- [           main] c.g.c.LY_contributor.Cpt202Application   : No active profile set, falling back to 1 default profile: "default"
2026-05-08T15:25:09.985+08:00  INFO 27904 --- [           main] .s.d.r.c.RepositoryConfigurationDelegate : Bootstrapping Spring Data JPA repositories in DEFAULT mode.
2026-05-08T15:25:10.048+08:00  INFO 27904 --- [           main] .s.d.r.c.RepositoryConfigurationDelegate : Finished Spring Data repository scanning in 54 ms. Found 6 JPA repository interfaces.
2026-05-08T15:25:10.725+08:00  INFO 27904 --- [           main] o.s.b.w.embedded.tomcat.TomcatWebServer  : Tomcat initialized with port 8090 (http)
2026-05-08T15:25:10.736+08:00  INFO 27904 --- [           main] o.apache.catalina.core.StandardService   : Starting service [Tomcat]
2026-05-08T15:25:10.736+08:00  INFO 27904 --- [           main] o.apache.catalina.core.StandardEngine    : Starting Servlet engine: [Apache Tomcat/10.1.20]
2026-05-08T15:25:10.767+08:00  INFO 27904 --- [           main] o.a.c.c.C.[Tomcat].[localhost].[/]       : Initializing Spring embedded WebApplicationContext
2026-05-08T15:25:10.768+08:00  INFO 27904 --- [           main] w.s.c.ServletWebServerApplicationContext : Root WebApplicationContext: initialization completed in 1232 ms
2026-05-08T15:25:10.933+08:00  INFO 27904 --- [           main] o.hibernate.jpa.internal.util.LogHelper  : HHH000204: Processing PersistenceUnitInfo [name: default]
2026-05-08T15:25:10.992+08:00  INFO 27904 --- [           main] org.hibernate.Version                    : HHH000412: Hibernate ORM core version 6.4.4.Final
2026-05-08T15:25:11.018+08:00  INFO 27904 --- [           main] o.h.c.internal.RegionFactoryInitiator    : HHH000026: Second-level cache disabled
2026-05-08T15:25:11.235+08:00  INFO 27904 --- [           main] o.s.o.j.p.SpringPersistenceUnitInfo      : No LoadTimeWeaver setup: ignoring JPA class transformer
2026-05-08T15:25:11.282+08:00  INFO 27904 --- [           main] com.zaxxer.hikari.HikariDataSource       : HikariPool-1 - Starting...
2026-05-08T15:25:11.440+08:00  INFO 27904 --- [           main] com.zaxxer.hikari.pool.HikariPool        : HikariPool-1 - Added connection com.mysql.cj.jdbc.ConnectionImpl@7c5f29c6
2026-05-08T15:25:11.442+08:00  INFO 27904 --- [           main] com.zaxxer.hikari.HikariDataSource       : HikariPool-1 - Start completed.
2026-05-08T15:25:11.486+08:00  WARN 27904 --- [           main] org.hibernate.orm.deprecation            : HHH90000025: MySQLDialect does not need to be specified explicitly using 'hibernate.dialect' (remove the property setting and it will be selected by default)
2026-05-08T15:25:12.169+08:00  INFO 27904 --- [           main] o.h.e.t.j.p.i.JtaPlatformInitiator       : HHH000489: No JTA platform available (set 'hibernate.transaction.jta.platform' to enable JTA platform integration)
2026-05-08T15:25:12.210+08:00  INFO 27904 --- [           main] j.LocalContainerEntityManagerFactoryBean : Initialized JPA EntityManagerFactory for persistence unit 'default'
2026-05-08T15:25:12.767+08:00  INFO 27904 --- [           main] o.s.d.j.r.query.QueryEnhancerFactory     : Hibernate is in classpath; If applicable, HQL parser will be used.
2026-05-08T15:25:13.379+08:00  WARN 27904 --- [           main] JpaBaseConfiguration$JpaWebConfiguration : spring.jpa.open-in-view is enabled by default. Therefore, database queries may be performed during view rendering. Explicitly configure spring.jpa.open-in-view to disable this warning
2026-05-08T15:25:13.795+08:00  INFO 27904 --- [           main] o.s.b.w.embedded.tomcat.TomcatWebServer  : Tomcat started on port 8090 (http) with context path ''
2026-05-08T15:25:13.821+08:00  INFO 27904 --- [           main] c.g.c.LY_contributor.Cpt202Application   : Started Cpt202Application in 4.71 seconds (process running for 5.161)
2026-05-08T15:25:29.067+08:00  INFO 27904 --- [nio-8090-exec-1] o.a.c.c.C.[Tomcat].[localhost].[/]       : Initializing Spring DispatcherServlet 'dispatcherServlet'
2026-05-08T15:25:29.068+08:00  INFO 27904 --- [nio-8090-exec-1] o.s.web.servlet.DispatcherServlet        : Initializing Servlet 'dispatcherServlet'
2026-05-08T15:25:29.069+08:00  INFO 27904 --- [nio-8090-exec-1] o.s.web.servlet.DispatcherServlet        : Completed initialization in 1 ms
